Microchip Technology Inc, v1.50 (A)

Tool Name:
  c:\ecc-lab\embedded\compilers\xc16\bin\bin\..\bin/elf-ld.exe

Command:
  -p24FJ48GA002 \
  -o \
  ./output/objects/elf.elf \
  -Lc:/ecc-lab/embedded/compilers/xc16/bin/bin/.. \
  -Lc:/ecc-lab/embedded/compilers/xc16/bin/bin/../../lib \
  -Lc:/ecc-lab/embedded/compilers/xc16/bin/bin/../../support/PIC24F/gld \
  ./output/objects/main.o \
  ../../../library/BSP/dist/libs/ecc-pic24-bsp.a \
  --defsym=__MPLAB_buildD=1 \
  -T24FJ48GA002_no_bootloader.gld.00 \
  --heap=3096 \
  --stack=16 \
  --check-sections \
  --data-init \
  --pack-data \
  --handles \
  --isr \
  --no-gc-sections \
  --fill-upper=0 \
  --stackguard=16 \
  --no-force-link \
  --smart-io \
  -Map=./output/objects/map.map \
  --memorysummary \
  ./output/objects/mem.xml \
  -start-group \
  --library=lega-pic30-elf \
  --library=m-elf \
  --library=lega-c-elf \
  -end-group \

Archive member included because of file (symbol)

../../../library/BSP/dist/libs/ecc-pic24-bsp.a(BSP_Main.o)
                              ./output/objects/main.o (_BSP_TickIsrExecutor)
../../../library/BSP/dist/libs/ecc-pic24-bsp.a(BSP_Mcu.o)
                              ./output/objects/main.o (_Mcu_Init)
../../../library/BSP/dist/libs/ecc-pic24-bsp.a(BSP_SysTick.o)
                              ./output/objects/main.o (_Sys_IsrPerformTick)
../../../library/BSP/dist/libs/ecc-pic24-bsp.a(BSP_PswKey.o)
                              ../../../library/BSP/dist/libs/ecc-pic24-bsp.a(BSP_Main.o) (_PSW_KeyTickedExecutor)
../../../library/BSP/dist/libs/ecc-pic24-bsp.a(BSP_Beep.o)
                              ../../../library/BSP/dist/libs/ecc-pic24-bsp.a(BSP_Main.o) (_BEEP_TickedExecutor)
../../../library/BSP/dist/libs/ecc-pic24-bsp.a(BSP_Adc.o)
                              ../../../library/BSP/dist/libs/ecc-pic24-bsp.a(BSP_Main.o) (_ADC_TickedExecutor)
../../../library/BSP/dist/libs/ecc-pic24-bsp.a(BSP_LedBlink.o)
                              ../../../library/BSP/dist/libs/ecc-pic24-bsp.a(BSP_Main.o) (_LED_BlinkTickedExecutor)
../../../library/BSP/dist/libs/ecc-pic24-bsp.a(BSP_Led.o)
                              ../../../library/BSP/dist/libs/ecc-pic24-bsp.a(BSP_LedBlink.o) (_Led_Set)
../../../library/BSP/dist/libs/ecc-pic24-bsp.a(BSP_Psw.o)
                              ../../../library/BSP/dist/libs/ecc-pic24-bsp.a(BSP_PswKey.o) (_Psw_Get)
../../../library/BSP/dist/libs/ecc-pic24-bsp.a(BSP_Uart.o)
                              ./output/objects/main.o (_Uart1_Init)
../../../library/BSP/dist/libs/ecc-pic24-bsp.a(BSP_Queue.o)
                              ../../../library/BSP/dist/libs/ecc-pic24-bsp.a(BSP_Uart.o) (_Queue_Init)

Optional library libpPIC24Fxxx.a not found
c:/ecc-lab/embedded/compilers/xc16/bin/bin/../../lib\liblega-pic30-elf.a(crt0_standard.o)
                              (__resetPRI)
c:/ecc-lab/embedded/compilers/xc16/bin/bin/../../lib\liblega-pic30-elf.a(data_init_standard.o)
                              c:/ecc-lab/embedded/compilers/xc16/bin/bin/../../lib\liblega-pic30-elf.a(crt0_standard.o) (__data_init_standard)
c:/ecc-lab/embedded/compilers/xc16/bin/bin/../../lib\liblega-pic30-elf.a(crt_start_mode_normal.Leo)
                              (__crt_start_mode_normal)
c:/ecc-lab/embedded/compilers/xc16/bin/bin/../../lib\libm-elf.a(addsf3.eo)
                              ../../../library/BSP/dist/libs/ecc-pic24-bsp.a(BSP_Uart.o) (___subsf3)
c:/ecc-lab/embedded/compilers/xc16/bin/bin/../../lib\libm-elf.a(divsf3.eo)
                              ../../../library/BSP/dist/libs/ecc-pic24-bsp.a(BSP_SysTick.o) (___divsf3)
c:/ecc-lab/embedded/compilers/xc16/bin/bin/../../lib\libm-elf.a(feqltle.eo)
                              ../../../library/BSP/dist/libs/ecc-pic24-bsp.a(BSP_Beep.o) (___ltsf2)
c:/ecc-lab/embedded/compilers/xc16/bin/bin/../../lib\libm-elf.a(fgtge.eo)
                              ../../../library/BSP/dist/libs/ecc-pic24-bsp.a(BSP_Beep.o) (___gtsf2)
c:/ecc-lab/embedded/compilers/xc16/bin/bin/../../lib\libm-elf.a(fixunssfsi.eo)
                              ../../../library/BSP/dist/libs/ecc-pic24-bsp.a(BSP_Beep.o) (___fixunssfsi)
c:/ecc-lab/embedded/compilers/xc16/bin/bin/../../lib\libm-elf.a(floatsisf.eo)
                              ../../../library/BSP/dist/libs/ecc-pic24-bsp.a(BSP_Adc.o) (___floatsisf)
c:/ecc-lab/embedded/compilers/xc16/bin/bin/../../lib\libm-elf.a(floatunsisf.eo)
                              ../../../library/BSP/dist/libs/ecc-pic24-bsp.a(BSP_SysTick.o) (___floatunsisf)
c:/ecc-lab/embedded/compilers/xc16/bin/bin/../../lib\libm-elf.a(fne.eo)
                              ../../../library/BSP/dist/libs/ecc-pic24-bsp.a(BSP_Beep.o) (___nesf2)
c:/ecc-lab/embedded/compilers/xc16/bin/bin/../../lib\libm-elf.a(fpack.eo)
                              c:/ecc-lab/embedded/compilers/xc16/bin/bin/../../lib\libm-elf.a(addsf3.eo) (__fpack)
c:/ecc-lab/embedded/compilers/xc16/bin/bin/../../lib\libm-elf.a(funpack.eo)
[...]
Memory Configuration

Name             Origin             Length             Attributes
data             0x000800           0x002000           a !xr
reset            0x000000           0x000004  
ivt              0x000004           0x0000fc  
_reserved        0x000100           0x000004  
aivt             0x000104           0x0000fc  
program          0x000200           0x0081fc           xr
CONFIG2          0x0083fc           0x000002  
CONFIG1          0x0083fe           0x000002  
*default*        0x000000           0xffffffff  

Linker script and memory map

LOAD ./output/objects/main.o
LOAD ../../../library/BSP/dist/libs/ecc-pic24-bsp.a
                    0x0001                  __MPLAB_buildD = 0x1
LOAD pPIC24Fxxx
LOAD c:/ecc-lab/embedded/compilers/xc16/bin/bin/../../lib\libfx-elf.a
                    0x83fc                  __CONFIG2 = 0x83fc
                    0x83fe                  __CONFIG1 = 0x83fe
                    0x0001                  __NO_HANDLES = 0x1
                    0x0200                  __CODE_BASE = 0x200
                    0x81fc                  __CODE_LENGTH = 0x81fc
                    0x0004                  __IVT_BASE = 0x4
                    0x0104                  __AIVT_BASE = 0x104
                    0x0800                  __DATA_BASE = 0x800
                    0x2000                  __DATA_LENGTH = 0x2000

.reset            0x000000          0x4
                  0x000000          0x2 SHORT 0x200 ABSOLUTE (__reset)
                  0x000001          0x2 SHORT 0x4
                  0x000002          0x2 SHORT 0x0 ((ABSOLUTE (__reset) >> 0x10) & 0x7f)
                  0x000003          0x2 SHORT 0x0

.text             0x000200       0x1fae
 *(.init)
 .init            0x000200         0x4c c:/ecc-lab/embedded/compilers/xc16/bin/bin/../../lib\liblega-pic30-elf.a(crt0_standard.o)
                  0x000200                  __resetPRI
                  0x000200                  __reset
                  0x00023c                  __psv_init
 .init            0x00024c         0x7c c:/ecc-lab/embedded/compilers/xc16/bin/bin/../../lib\liblega-pic30-elf.a(data_init_standard.o)
                  0x000252                  __data_init_standard
                  0x000252                  __data_init
 *(.user_init)
 *(.handle)
 *(.isr*)
 .isr.text        0x0002cc         0x28 ./output/objects/main.o
                  0x0002cc                  __T1Interrupt
 .isr.text        0x0002f4         0x14 ../../../library/BSP/dist/libs/ecc-pic24-bsp.a(BSP_Adc.o)
                  0x0002f4                  __ADC1Interrupt
 .isr.text        0x000308        0x154 ../../../library/BSP/dist/libs/ecc-pic24-bsp.a(BSP_Uart.o)
                  0x000308                  __U1RXInterrupt
                  0x00039e                  __U2RXInterrupt
                  0x000434                  __U1TXInterrupt
                  0x000448                  __U2TXInterrupt
 .isr             0x00045c          0x4 default_isr
                  0x00045c                  __DefaultInterrupt
 *(.libc)
 .libc            0x000460         0x28 c:/ecc-lab/embedded/compilers/xc16/bin/bin/../../lib\liblega-pic30-elf.a(sbrk.Leo)
                  0x000460                  _sbrk
 .libc            0x000488         0x1a c:/ecc-lab/embedded/compilers/xc16/bin/bin/../../lib\liblega-pic30-elf.a(brk.Lelo)
                  0x000488                  _brk
 *(.libm)
 *(.libdsp)
 *(.lib*)
 .libpic30_crt_start_mode
                  0x0004a2          0x2 c:/ecc-lab/embedded/compilers/xc16/bin/bin/../../lib\liblega-pic30-elf.a(crt_start_mode_normal.Leo)
                  0x0004a2                  __crt_start_mode
                  0x0004a2                  __crt_start_mode_normal
 .libm.subsf3     0x0004a4         0xbc c:/ecc-lab/embedded/compilers/xc16/bin/bin/../../lib\libm-elf.a(addsf3.eo)
                  0x0004a4                  ___subsf3
                  0x0004a6                  ___addsf3
 .libm.divfs3     0x000560         0x84 c:/ecc-lab/embedded/compilers/xc16/bin/bin/../../lib\libm-elf.a(divsf3.eo)
                  0x000560                  ___divsf3
 .libm.eqsf2      0x0005e4          0x4 c:/ecc-lab/embedded/compilers/xc16/bin/bin/../../lib\libm-elf.a(feqltle.eo)
                  0x0005e4                  ___eqsf2
                  0x0005e4                  ___ltsf2
                  0x0005e4                  ___lesf2
 .libm.gtsf2      0x0005e8          0x4 c:/ecc-lab/embedded/compilers/xc16/bin/bin/../../lib\libm-elf.a(fgtge.eo)
                  0x0005e8                  ___gesf2
                  0x0005e8                  ___gtsf2
 .libm.fixunssfsi
                  0x0005ec         0x36 c:/ecc-lab/embedded/compilers/xc16/bin/bin/../../lib\libm-elf.a(fixunssfsi.eo)
                  0x0005ec                  ___fixunssfsi
 .libm.floatsisf
                  0x000622          0x6 c:/ecc-lab/embedded/compilers/xc16/bin/bin/../../lib\libm-elf.a(floatsisf.eo)
                  0x000622                  ___floatsisf
 .libm.floatunsisf
                  0x000628          0x4 c:/ecc-lab/embedded/compilers/xc16/bin/bin/../../lib\libm-elf.a(floatunsisf.eo)
                  0x000628                  ___floatunsisf
 .libm.nesf2      0x00062c          0x4 c:/ecc-lab/embedded/compilers/xc16/bin/bin/../../lib\libm-elf.a(fne.eo)
                  0x00062c                  ___nesf2
 .libm.fpack      0x000630         0x4c c:/ecc-lab/embedded/compilers/xc16/bin/bin/../../lib\libm-elf.a(fpack.eo)
                  0x000630                  __fpack
 .libm.funpack    0x00067c         0x2a c:/ecc-lab/embedded/compilers/xc16/bin/bin/../../lib\libm-elf.a(funpack.eo)
                  0x00067c                  __funpack
 .libm.funpack2
                  0x0006a6         0x10 c:/ecc-lab/embedded/compilers/xc16/bin/bin/../../lib\libm-elf.a(funpack2.eo)
                  0x0006a6                  __funpack2
 .libm.fPropagateNaN
                  0x0006b6         0x12 c:/ecc-lab/embedded/compilers/xc16/bin/bin/../../lib\libm-elf.a(futil.eo)
                  0x0006b6                  __fPropagateNaN
 .libm.fbobExit
                  0x0006c8          0x8 c:/ecc-lab/embedded/compilers/xc16/bin/bin/../../lib\libm-elf.a(futil.eo)
                  0x0006c8                  __fbopExit
 .libm.fbopReturnNaN
                  0x0006d0          0x6 c:/ecc-lab/embedded/compilers/xc16/bin/bin/../../lib\libm-elf.a(futil.eo)
                  0x0006d0                  __fbopReturnNaN
 .libm.mulsf3     0x0006d6         0x68 c:/ecc-lab/embedded/compilers/xc16/bin/bin/../../lib\libm-elf.a(mulsf3.eo)
                  0x0006d6                  ___mulsf3
 .libm.fcompare
                  0x00073e         0x36 c:/ecc-lab/embedded/compilers/xc16/bin/bin/../../lib\libm-elf.a(fcompare.eo)
                  0x00073e                  __fcompare
 .libm.floatdisf
                  0x000774         0x20 c:/ecc-lab/embedded/compilers/xc16/bin/bin/../../lib\libm-elf.a(floatdisf.eo)
                  0x000774                  ___floatdisf
 .libm.floatundisf
                  0x000794         0x5e c:/ecc-lab/embedded/compilers/xc16/bin/bin/../../lib\libm-elf.a(floatundisf.eo)
                  0x000794                  ___floatundisf
 .libc.free       0x0007f2         0x64 c:/ecc-lab/embedded/compilers/xc16/bin/bin/../../lib\liblega-c-elf.a(free.XX_eo)
                  0x0007f2                  _free
 .libc.findmem    0x000856         0x66 c:/ecc-lab/embedded/compilers/xc16/bin/bin/../../lib\liblega-c-elf.a(malloc.XX_eo)
 .libc.malloc     0x0008bc         0x54 c:/ecc-lab/embedded/compilers/xc16/bin/bin/../../lib\liblega-c-elf.a(malloc.XX_eo)
                  0x0008bc                  _malloc
 .libc.strlen     0x000910          0xc c:/ecc-lab/embedded/compilers/xc16/bin/bin/../../lib\liblega-c-elf.a(strlen.XX_eo)
                  0x000910                  _strlen
 .libc._Getmem    0x00091c         0x14 c:/ecc-lab/embedded/compilers/xc16/bin/bin/../../lib\liblega-c-elf.a(xgetmem.XX_eo)
                  0x00091c                  __Getmem
 .libc.prout      0x000930          0xe c:/ecc-lab/embedded/compilers/xc16/bin/bin/../../lib\liblega-c-elf.a(vsprintf.XX_eo)
                  0x000930                  vsprintf.XX_eo:_prout
 .libc.vsprintf
                  0x00093e         0x1a c:/ecc-lab/embedded/compilers/xc16/bin/bin/../../lib\liblega-c-elf.a(vsprintf.XX_eo)
                  0x00093e                  _vsprintf
 .libc._Printf    0x000958        0x164 c:/ecc-lab/embedded/compilers/xc16/bin/bin/../../lib\liblega-c-elf.a(xprintf.XX_eo)
                  0x000958                  __Printf
 .libc._Putfld    0x000abc        0x2da c:/ecc-lab/embedded/compilers/xc16/bin/bin/../../lib\liblega-c-elf.a(xputfld.XX_eo)
                  0x000abc                  __Putfld
 .libc.strchr     0x000d96         0x1e c:/ecc-lab/embedded/compilers/xc16/bin/bin/../../lib\liblega-c-elf.a(strchr.XX_elo)
                  0x000d96                  _strchr
 .libc._Vacopy    0x000db4          0x4 c:/ecc-lab/embedded/compilers/xc16/bin/bin/../../lib\liblega-c-elf.a(xvacopy.XX_elo)
                  0x000db4                  __Vacopy
 .libc.memchr     0x000db8         0x14 c:/ecc-lab/embedded/compilers/xc16/bin/bin/../../lib\liblega-c-elf.a(memchr.XX_eo)
                  0x000db8                  _memchr
 .libc.memcpy     0x000dcc          0xe c:/ecc-lab/embedded/compilers/xc16/bin/bin/../../lib\liblega-c-elf.a(memcpy.XX_eo)
                  0x000dcc                  _memcpy
 .libc._Ldtob     0x000dda        0x3f2 c:/ecc-lab/embedded/compilers/xc16/bin/bin/../../lib\liblega-c-elf.a(xldtob.XX_eo)
                  0x000dda                  __Ldtob
 .libc._LDunscale
                  0x0011cc         0x54 c:/ecc-lab/embedded/compilers/xc16/bin/bin/../../lib\liblega-c-elf.a(xldunsca.XX_eo)
                  0x0011cc                  __LDunscale
 .libc._Litob     0x001220        0x25e c:/ecc-lab/embedded/compilers/xc16/bin/bin/../../lib\liblega-c-elf.a(xlitob.XX_eo)
                  0x001220                  __Litob
 .libc._Puttxt    0x00147e        0x178 c:/ecc-lab/embedded/compilers/xc16/bin/bin/../../lib\liblega-c-elf.a(xputtxt.XX_eo)
                  0x00147e                  __Puttxt
 .libc.ldiv       0x0015f6         0x2a c:/ecc-lab/embedded/compilers/xc16/bin/bin/../../lib\liblega-c-elf.a(ldiv.XX_elo)
                  0x0015f6                  _ldiv
 .libc._Dnorm     0x001620         0x98 c:/ecc-lab/embedded/compilers/xc16/bin/bin/../../lib\liblega-c-elf.a(xdnorm.XX_elo)
                  0x001620                  __Dnorm
 .libc._LDscale
                  0x0016b8         0xf4 c:/ecc-lab/embedded/compilers/xc16/bin/bin/../../lib\liblega-c-elf.a(xldscale.XX_elo)
                  0x0016b8                  __LDscale
 .libc._Genld     0x0017ac        0x264 c:/ecc-lab/embedded/compilers/xc16/bin/bin/../../lib\liblega-c-elf.a(xgenld.XX_eo)
                  0x0017ac                  __Genld
 .libc.div        0x001a10         0x16 c:/ecc-lab/embedded/compilers/xc16/bin/bin/../../lib\liblega-c-elf.a(div.XX_elo)
                  0x001a10                  _div
 .libm.eqdf2      0x001a26          0xa c:/ecc-lab/embedded/compilers/xc16/bin/bin/../../lib\libm-elf.a(deqltle.eo)
                  0x001a26                  ___eqdf2
                  0x001a26                  ___ltdf2
                  0x001a26                  ___ledf2
 .libm.gtdf2      0x001a30          0xa c:/ecc-lab/embedded/compilers/xc16/bin/bin/../../lib\libm-elf.a(dgtge.eo)
                  0x001a30                  ___gtdf2
                  0x001a30                  ___gedf2
 .libm.divdf3     0x001a3a         0xb4 c:/ecc-lab/embedded/compilers/xc16/bin/bin/../../lib\libm-elf.a(divdf3.eo)
                  0x001a3a                  ___divdf3
 .libm.divsi3     0x001aee         0x1e c:/ecc-lab/embedded/compilers/xc16/bin/bin/../../lib\libm-elf.a(divsi3.eo)
                  0x001aee                  ___divsi3
 .libm.dpack      0x001b0c         0x58 c:/ecc-lab/embedded/compilers/xc16/bin/bin/../../lib\libm-elf.a(dpack.eo)
                  0x001b0c                  __dpack
 .libm.dunpack2
                  0x001b64         0x32 c:/ecc-lab/embedded/compilers/xc16/bin/bin/../../lib\libm-elf.a(dunpack2.eo)
                  0x001b64                  __dunpack2
                  0x001b86                  __dreturnNaN
                  0x001b8c                  __dunpack2exit
 .libm.extendsfdf2
                  0x001b96         0x3e c:/ecc-lab/embedded/compilers/xc16/bin/bin/../../lib\libm-elf.a(extendsfdf.eo)
                  0x001b96                  ___extendsfdf2
 .libm.fixdfsi    0x001bd4         0x58 c:/ecc-lab/embedded/compilers/xc16/bin/bin/../../lib\libm-elf.a(fixdfsi.eo)
                  0x001bd4                  _(float, int, long long, double, float, short, int)
 .libm.floatsidf
                  0x001c2c          0x6 c:/ecc-lab/embedded/compilers/xc16/bin/bin/../../lib\libm-elf.a(floatsidf.eo)
                  0x001c2c                  ___floatsidf
 *fill*           0x001c32          0x400
 .libm.muldf3     0x001c34         0xec c:/ecc-lab/embedded/compilers/xc16/bin/bin/../../lib\libm-elf.a(muldf3.eo)
                  0x001c34                  ___muldf3
 .libm.subdf3     0x001d20          0x4 c:/ecc-lab/embedded/compilers/xc16/bin/bin/../../lib\libm-elf.a(subdf3.eo)
                  0x001d20                  ___subdf3
 .libm.udivsi3    0x001d24         0x20 c:/ecc-lab/embedded/compilers/xc16/bin/bin/../../lib\libm-elf.a(udivsi3.eo)
                  0x001d24                  ___udivsi3
 .libm.umodsi3    0x001d44          0x6 c:/ecc-lab/embedded/compilers/xc16/bin/bin/../../lib\libm-elf.a(umodsi3.eo)
                  0x001d44                  ___umodsi3
 .libm.mulsi3     0x001d4a          0xc c:/ecc-lab/embedded/compilers/xc16/bin/bin/../../lib\libm-elf.a(mulsi3.eo)
                  0x001d4a                  ___mulp32peds3
                  0x001d4a                  ___mulsi3
                  0x001d4a                  ___mulp32eds3
 .libm.__PplusBdi
                  0x001d56         0x26 c:/ecc-lab/embedded/compilers/xc16/bin/bin/../../lib\libm-elf.a(divmoddi3.eo)
 .libm.__PminusBdi
                  0x001d7c         0x26 c:/ecc-lab/embedded/compilers/xc16/bin/bin/../../lib\libm-elf.a(divmoddi3.eo)
 .libm.__udivmoddi3
                  0x001da2         0xe6 c:/ecc-lab/embedded/compilers/xc16/bin/bin/../../lib\libm-elf.a(divmoddi3.eo)
                  0x001da2                  ___udivmoddi3
 .libm.__udivdi3
                  0x001e88          0xe c:/ecc-lab/embedded/compilers/xc16/bin/bin/../../lib\libm-elf.a(divmoddi3.eo)
                  0x001e88                  ___udivdi3
 .libm.__umoddi3
                  0x001e96          0x8 c:/ecc-lab/embedded/compilers/xc16/bin/bin/../../lib\libm-elf.a(divmoddi3.eo)
                  0x001e96                  ___umoddi3
 .libm.__divdi3
                  0x001e9e         0x60 c:/ecc-lab/embedded/compilers/xc16/bin/bin/../../lib\libm-elf.a(divmoddi3.eo)
                  0x001e9e                  ___divdi3
 .libm.__moddi3
                  0x001efe         0x5c c:/ecc-lab/embedded/compilers/xc16/bin/bin/../../lib\libm-elf.a(divmoddi3.eo)
                  0x001efe                  ___moddi3
 *fill*           0x001f5a          0x400
 .libm.adddf3     0x001f5c         0xfc c:/ecc-lab/embedded/compilers/xc16/bin/bin/../../lib\libm-elf.a(adddf3.eo)
                  0x001f5c                  ___adddf3
 .libm.dcompare
                  0x002058         0x52 c:/ecc-lab/embedded/compilers/xc16/bin/bin/../../lib\libm-elf.a(dcompare.eo)
                  0x002058                  __dcompare
 .libm.dPropagateNaN
                  0x0020aa         0x1c c:/ecc-lab/embedded/compilers/xc16/bin/bin/../../lib\libm-elf.a(dpropagateNaN.eo)
                  0x0020aa                  __dPropagateNaN
 .libm.dtype      0x0020c6         0x24 c:/ecc-lab/embedded/compilers/xc16/bin/bin/../../lib\libm-elf.a(dtype.eo)
                  0x0020c6                  __dtype
 .libm.dunpack    0x0020ea         0x4e c:/ecc-lab/embedded/compilers/xc16/bin/bin/../../lib\libm-elf.a(dunpack.eo)
                  0x0020ea                  __dunpack
 .libm.floatdidf
                  0x002138         0x20 c:/ecc-lab/embedded/compilers/xc16/bin/bin/../../lib\libm-elf.a(floatdidf.eo)
                  0x002138                  ___floatdidf
 .libm.floatundidf
                  0x002158         0x56 c:/ecc-lab/embedded/compilers/xc16/bin/bin/../../lib\libm-elf.a(floatundidf.eo)
                  0x002158                  ___floatundidf

usercode
 *(usercode)

__CONFIG2
 *(__CONFIG2.sec*)

__CONFIG1
 *(__CONFIG1.sec*)

.comment
 *(.comment)

.debug_info       0x000000       0x6cb5
 *(.debug_info)
 .debug_info      0x000000        0x2f7 ./output/objects/main.o
 .debug_info      0x0002f7        0x1c7 ../../../library/BSP/dist/libs/ecc-pic24-bsp.a(BSP_Main.o)
 .debug_info      0x0004be        0x446 ../../../library/BSP/dist/libs/ecc-pic24-bsp.a(BSP_Mcu.o)
 .debug_info      0x000904        0x64b ../../../library/BSP/dist/libs/ecc-pic24-bsp.a(BSP_SysTick.o)
 .debug_info      0x000f4f        0x61f ../../../library/BSP/dist/libs/ecc-pic24-bsp.a(BSP_PswKey.o)
 .debug_info      0x00156e        0xa50 ../../../library/BSP/dist/libs/ecc-pic24-bsp.a(BSP_Beep.o)
 .debug_info      0x001fbe        0xf1a ../../../library/BSP/dist/libs/ecc-pic24-bsp.a(BSP_Adc.o)
 .debug_info      0x002ed8        0x4db ../../../library/BSP/dist/libs/ecc-pic24-bsp.a(BSP_LedBlink.o)
 .debug_info      0x0033b3        0x706 ../../../library/BSP/dist/libs/ecc-pic24-bsp.a(BSP_Led.o)
 .debug_info      0x003ab9        0x350 ../../../library/BSP/dist/libs/ecc-pic24-bsp.a(BSP_Psw.o)
 .debug_info      0x003e09       0x2b8a ../../../library/BSP/dist/libs/ecc-pic24-bsp.a(BSP_Uart.o)
 .debug_info      0x006993        0x322 ../../../library/BSP/dist/libs/ecc-pic24-bsp.a(BSP_Queue.o)
 *(.gnu.linkonce.wi.*)

.debug_abbrev     0x000000        0xd90
 *(.debug_abbrev)
 .debug_abbrev    0x000000         0x94 ./output/objects/main.o
 .debug_abbrev    0x000094         0x50 ../../../library/BSP/dist/libs/ecc-pic24-bsp.a(BSP_Main.o)
 .debug_abbrev    0x0000e4         0xd6 ../../../library/BSP/dist/libs/ecc-pic24-bsp.a(BSP_Mcu.o)
 .debug_abbrev    0x0001ba        0x14d ../../../library/BSP/dist/libs/ecc-pic24-bsp.a(BSP_SysTick.o)
 .debug_abbrev    0x000307        0x12c ../../../library/BSP/dist/libs/ecc-pic24-bsp.a(BSP_PswKey.o)
 .debug_abbrev    0x000433        0x18d ../../../library/BSP/dist/libs/ecc-pic24-bsp.a(BSP_Beep.o)
 .debug_abbrev    0x0005c0        0x1cc ../../../library/BSP/dist/libs/ecc-pic24-bsp.a(BSP_Adc.o)
 .debug_abbrev    0x00078c         0xd6 ../../../library/BSP/dist/libs/ecc-pic24-bsp.a(BSP_LedBlink.o)
 .debug_abbrev    0x000862         0xc3 ../../../library/BSP/dist/libs/ecc-pic24-bsp.a(BSP_Led.o)
 .debug_abbrev    0x000925         0xc5 ../../../library/BSP/dist/libs/ecc-pic24-bsp.a(BSP_Psw.o)
 .debug_abbrev    0x0009ea        0x2e3 ../../../library/BSP/dist/libs/ecc-pic24-bsp.a(BSP_Uart.o)
 .debug_abbrev    0x000ccd         0xc3 ../../../library/BSP/dist/libs/ecc-pic24-bsp.a(BSP_Queue.o)

.debug_line       0x000000        0xff3
 *(.debug_line)
 .debug_line      0x000000        0x119 ./output/objects/main.o
 .debug_line      0x000119         0xa1 ../../../library/BSP/dist/libs/ecc-pic24-bsp.a(BSP_Main.o)
 .debug_line      0x0001ba        0x103 ../../../library/BSP/dist/libs/ecc-pic24-bsp.a(BSP_Mcu.o)
 .debug_line      0x0002bd        0x144 ../../../library/BSP/dist/libs/ecc-pic24-bsp.a(BSP_SysTick.o)
 .debug_line      0x000401        0x150 ../../../library/BSP/dist/libs/ecc-pic24-bsp.a(BSP_PswKey.o)
 .debug_line      0x000551        0x17e ../../../library/BSP/dist/libs/ecc-pic24-bsp.a(BSP_Beep.o)
 .debug_line      0x0006cf        0x18d ../../../library/BSP/dist/libs/ecc-pic24-bsp.a(BSP_Adc.o)
 .debug_line      0x00085c        0x11b ../../../library/BSP/dist/libs/ecc-pic24-bsp.a(BSP_LedBlink.o)
 .debug_line      0x000977        0x12a ../../../library/BSP/dist/libs/ecc-pic24-bsp.a(BSP_Led.o)
 .debug_line      0x000aa1         0xed ../../../library/BSP/dist/libs/ecc-pic24-bsp.a(BSP_Psw.o)
 .debug_line      0x000b8e        0x38d ../../../library/BSP/dist/libs/ecc-pic24-bsp.a(BSP_Uart.o)
 .debug_line      0x000f1b         0xd8 ../../../library/BSP/dist/libs/ecc-pic24-bsp.a(BSP_Queue.o)

.debug_frame      0x000000        0xdcc
 *(.debug_frame)
 .debug_frame     0x000000         0x82 ./output/objects/main.o
 .debug_frame     0x000082         0x48 ../../../library/BSP/dist/libs/ecc-pic24-bsp.a(BSP_Main.o)
 .debug_frame     0x0000ca         0x96 ../../../library/BSP/dist/libs/ecc-pic24-bsp.a(BSP_Mcu.o)
 .debug_frame     0x000160        0x120 ../../../library/BSP/dist/libs/ecc-pic24-bsp.a(BSP_SysTick.o)
 .debug_frame     0x000280         0xfe ../../../library/BSP/dist/libs/ecc-pic24-bsp.a(BSP_PswKey.o)
 .debug_frame     0x00037e        0x102 ../../../library/BSP/dist/libs/ecc-pic24-bsp.a(BSP_Beep.o)
 .debug_frame     0x000480        0x108 ../../../library/BSP/dist/libs/ecc-pic24-bsp.a(BSP_Adc.o)
 .debug_frame     0x000588         0xca ../../../library/BSP/dist/libs/ecc-pic24-bsp.a(BSP_LedBlink.o)
 .debug_frame     0x000652         0xca ../../../library/BSP/dist/libs/ecc-pic24-bsp.a(BSP_Led.o)
 .debug_frame     0x00071c         0x48 ../../../library/BSP/dist/libs/ecc-pic24-bsp.a(BSP_Psw.o)
 .debug_frame     0x000764        0x5d2 ../../../library/BSP/dist/libs/ecc-pic24-bsp.a(BSP_Uart.o)
 .debug_frame     0x000d36         0x96 ../../../library/BSP/dist/libs/ecc-pic24-bsp.a(BSP_Queue.o)

.debug_str        0x000000        0x277
 *(.debug_str)
 .debug_str       0x000000          0x9 ./output/objects/main.o
 .debug_str       0x000009          0xb ../../../library/BSP/dist/libs/ecc-pic24-bsp.a(BSP_Mcu.o)
 .debug_str       0x000014         0x13 ../../../library/BSP/dist/libs/ecc-pic24-bsp.a(BSP_SysTick.o)
 .debug_str       0x000027          0x9 ../../../library/BSP/dist/libs/ecc-pic24-bsp.a(BSP_PswKey.o)
 .debug_str       0x000030         0x4a ../../../library/BSP/dist/libs/ecc-pic24-bsp.a(BSP_Beep.o)
 .debug_str       0x00007a         0x74 ../../../library/BSP/dist/libs/ecc-pic24-bsp.a(BSP_Adc.o)
 .debug_str       0x0000ee          0xf ../../../library/BSP/dist/libs/ecc-pic24-bsp.a(BSP_LedBlink.o)
 .debug_str       0x0000fd         0x26 ../../../library/BSP/dist/libs/ecc-pic24-bsp.a(BSP_Led.o)
 .debug_str       0x000123          0xa ../../../library/BSP/dist/libs/ecc-pic24-bsp.a(BSP_Psw.o)
 .debug_str       0x00012d        0x144 ../../../library/BSP/dist/libs/ecc-pic24-bsp.a(BSP_Uart.o)
 .debug_str       0x000271          0x6 ../../../library/BSP/dist/libs/ecc-pic24-bsp.a(BSP_Queue.o)

.debug_loc
 *(.debug_loc)

.debug_macinfo
 *(.debug_macinfo)

.debug_pubnames
                  0x000000        0x9bc
 *(.debug_pubnames)
 .debug_pubnames
                  0x000000         0x2c ./output/objects/main.o
 .debug_pubnames
                  0x00002c         0x3b ../../../library/BSP/dist/libs/ecc-pic24-bsp.a(BSP_Main.o)
 .debug_pubnames
                  0x000067         0x66 ../../../library/BSP/dist/libs/ecc-pic24-bsp.a(BSP_Mcu.o)
 .debug_pubnames
                  0x0000cd         0xca ../../../library/BSP/dist/libs/ecc-pic24-bsp.a(BSP_SysTick.o)
 .debug_pubnames
                  0x000197         0xc8 ../../../library/BSP/dist/libs/ecc-pic24-bsp.a(BSP_PswKey.o)
 .debug_pubnames
                  0x00025f         0x9e ../../../library/BSP/dist/libs/ecc-pic24-bsp.a(BSP_Beep.o)
 .debug_pubnames
                  0x0002fd         0xd0 ../../../library/BSP/dist/libs/ecc-pic24-bsp.a(BSP_Adc.o)
 .debug_pubnames
                  0x0003cd         0x93 ../../../library/BSP/dist/libs/ecc-pic24-bsp.a(BSP_LedBlink.o)
 .debug_pubnames
                  0x000460         0x69 ../../../library/BSP/dist/libs/ecc-pic24-bsp.a(BSP_Led.o)
 .debug_pubnames
                  0x0004c9         0x2b ../../../library/BSP/dist/libs/ecc-pic24-bsp.a(BSP_Psw.o)
 .debug_pubnames
                  0x0004f4        0x46b ../../../library/BSP/dist/libs/ecc-pic24-bsp.a(BSP_Uart.o)
 .debug_pubnames
                  0x00095f         0x5d ../../../library/BSP/dist/libs/ecc-pic24-bsp.a(BSP_Queue.o)

.debug_ranges
 *(.debug_ranges)

.debug_aranges    0x000000        0x120
 *(.debug_aranges)
 .debug_aranges
                  0x000000         0x18 ./output/objects/main.o
 .debug_aranges
                  0x000018         0x18 ../../../library/BSP/dist/libs/ecc-pic24-bsp.a(BSP_Main.o)
 .debug_aranges
                  0x000030         0x18 ../../../library/BSP/dist/libs/ecc-pic24-bsp.a(BSP_Mcu.o)
 .debug_aranges
                  0x000048         0x18 ../../../library/BSP/dist/libs/ecc-pic24-bsp.a(BSP_SysTick.o)
 .debug_aranges
                  0x000060         0x18 ../../../library/BSP/dist/libs/ecc-pic24-bsp.a(BSP_PswKey.o)
 .debug_aranges
                  0x000078         0x18 ../../../library/BSP/dist/libs/ecc-pic24-bsp.a(BSP_Beep.o)
 .debug_aranges
                  0x000090         0x18 ../../../library/BSP/dist/libs/ecc-pic24-bsp.a(BSP_Adc.o)
 .debug_aranges
                  0x0000a8         0x18 ../../../library/BSP/dist/libs/ecc-pic24-bsp.a(BSP_LedBlink.o)
 .debug_aranges
                  0x0000c0         0x18 ../../../library/BSP/dist/libs/ecc-pic24-bsp.a(BSP_Led.o)
 .debug_aranges
                  0x0000d8         0x18 ../../../library/BSP/dist/libs/ecc-pic24-bsp.a(BSP_Psw.o)
 .debug_aranges
                  0x0000f0         0x18 ../../../library/BSP/dist/libs/ecc-pic24-bsp.a(BSP_Uart.o)
 .debug_aranges
                  0x000108         0x18 ../../../library/BSP/dist/libs/ecc-pic24-bsp.a(BSP_Queue.o)
                    0x0000                  WREG0 = 0x0
                    0x0000                  _WREG0 = 0x0
                    0x0002                  WREG1 = 0x2
                    0x0002                  _WREG1 = 0x2
                    0x0004                  WREG2 = 0x4
                    0x0004                  _WREG2 = 0x4
                    0x0006                  WREG3 = 0x6
                    0x0006                  _WREG3 = 0x6
                    0x0008                  WREG4 = 0x8
                    0x0008                  _WREG4 = 0x8
                    0x000a                  WREG5 = 0xa
                    0x000a                  _WREG5 = 0xa
                    0x000c                  WREG6 = 0xc
                    0x000c                  _WREG6 = 0xc
                    0x000e                  WREG7 = 0xe
                    0x000e                  _WREG7 = 0xe
                    0x0010                  WREG8 = 0x10
                    0x0010                  _WREG8 = 0x10
                    0x0012                  WREG9 = 0x12
                    0x0012                  _WREG9 = 0x12
                    0x0014                  WREG10 = 0x14
                    0x0014                  _WREG10 = 0x14
                    0x0016                  WREG11 = 0x16
                    0x0016                  _WREG11 = 0x16
                    0x0018                  WREG12 = 0x18
                    0x0018                  _WREG12 = 0x18
                    0x001a                  WREG13 = 0x1a
                    0x001a                  _WREG13 = 0x1a
                    0x001c                  WREG14 = 0x1c
                    0x001c                  _WREG14 = 0x1c
                    0x001e                  WREG15 = 0x1e
                    0x001e                  _WREG15 = 0x1e
                    0x0020                  SPLIM = 0x20
                    0x0020                  _SPLIM = 0x20
                    0x002e                  PCL = 0x2e
                    0x002e                  _PCL = 0x2e
                    0x0030                  PCH = 0x30
                    0x0030                  _PCH = 0x30
                    0x0032                  TBLPAG = 0x32
                    0x0032                  _TBLPAG = 0x32
                    0x0034                  PSVPAG = 0x34
                    0x0034                  _PSVPAG = 0x34
                    0x0036                  RCOUNT = 0x36
                    0x0036                  _RCOUNT = 0x36
                    0x0042                  SR = 0x42
                    0x0042                  _SR = 0x42
                    0x0042                  _SRbits = 0x42
                    0x0044                  CORCON = 0x44
                    0x0044                  _CORCON = 0x44
                    0x0044                  _CORCONbits = 0x44
                    0x0052                  DISICNT = 0x52
                    0x0052                  _DISICNT = 0x52
                    0x0060                  CNEN1 = 0x60
                    0x0060                  _CNEN1 = 0x60
                    0x0060                  _CNEN1bits = 0x60
                    0x0062                  CNEN2 = 0x62
                    0x0062                  _CNEN2 = 0x62
                    0x0062                  _CNEN2bits = 0x62
                    0x0068                  CNPU1 = 0x68
                    0x0068                  _CNPU1 = 0x68
                    0x0068                  _CNPU1bits = 0x68
                    0x006a                  CNPU2 = 0x6a
                    0x006a                  _CNPU2 = 0x6a
                    0x006a                  _CNPU2bits = 0x6a
                    0x0080                  INTCON1 = 0x80
                    0x0080                  _INTCON1 = 0x80
                    0x0080                  _INTCON1bits = 0x80
                    0x0082                  INTCON2 = 0x82
                    0x0082                  _INTCON2 = 0x82
                    0x0082                  _INTCON2bits = 0x82
                    0x0084                  IFS0 = 0x84
                    0x0084                  _IFS0 = 0x84
                    0x0084                  _IFS0bits = 0x84
                    0x0086                  IFS1 = 0x86
                    0x0086                  _IFS1 = 0x86
                    0x0086                  _IFS1bits = 0x86
                    0x0088                  IFS2 = 0x88
                    0x0088                  _IFS2 = 0x88
                    0x0088                  _IFS2bits = 0x88
                    0x008a                  IFS3 = 0x8a
                    0x008a                  _IFS3 = 0x8a
                    0x008a                  _IFS3bits = 0x8a
                    0x008c                  IFS4 = 0x8c
                    0x008c                  _IFS4 = 0x8c
                    0x008c                  _IFS4bits = 0x8c
                    0x0094                  IEC0 = 0x94
                    0x0094                  _IEC0 = 0x94
                    0x0094                  _IEC0bits = 0x94
                    0x0096                  IEC1 = 0x96
                    0x0096                  _IEC1 = 0x96
                    0x0096                  _IEC1bits = 0x96
                    0x0098                  IEC2 = 0x98
                    0x0098                  _IEC2 = 0x98
                    0x0098                  _IEC2bits = 0x98
                    0x009a                  IEC3 = 0x9a
                    0x009a                  _IEC3 = 0x9a
                    0x009a                  _IEC3bits = 0x9a
                    0x009c                  IEC4 = 0x9c
                    0x009c                  _IEC4 = 0x9c
                    0x009c                  _IEC4bits = 0x9c
                    0x00a4                  IPC0 = 0xa4
                    0x00a4                  _IPC0 = 0xa4
                    0x00a4                  _IPC0bits = 0xa4
                    0x00a6                  IPC1 = 0xa6
                    0x00a6                  _IPC1 = 0xa6
                    0x00a6                  _IPC1bits = 0xa6
                    0x00a8                  IPC2 = 0xa8
                    0x00a8                  _IPC2 = 0xa8
                    0x00a8                  _IPC2bits = 0xa8
                    0x00aa                  IPC3 = 0xaa
                    0x00aa                  _IPC3 = 0xaa
                    0x00aa                  _IPC3bits = 0xaa
                    0x00ac                  IPC4 = 0xac
                    0x00ac                  _IPC4 = 0xac
                    0x00ac                  _IPC4bits = 0xac
                    0x00ae                  IPC5 = 0xae
                    0x00ae                  _IPC5 = 0xae
                    0x00ae                  _IPC5bits = 0xae
                    0x00b0                  IPC6 = 0xb0
                    0x00b0                  _IPC6 = 0xb0
                    0x00b0                  _IPC6bits = 0xb0
                    0x00b2                  IPC7 = 0xb2
                    0x00b2                  _IPC7 = 0xb2
                    0x00b2                  _IPC7bits = 0xb2
                    0x00b4                  IPC8 = 0xb4
                    0x00b4                  _IPC8 = 0xb4
                    0x00b4                  _IPC8bits = 0xb4
                    0x00b6                  IPC9 = 0xb6
                    0x00b6                  _IPC9 = 0xb6
                    0x00b6                  _IPC9bits = 0xb6
                    0x00b8                  IPC10 = 0xb8
                    0x00b8                  _IPC10 = 0xb8
                    0x00b8                  _IPC10bits = 0xb8
                    0x00ba                  IPC11 = 0xba
                    0x00ba                  _IPC11 = 0xba
                    0x00ba                  _IPC11bits = 0xba
                    0x00bc                  IPC12 = 0xbc
                    0x00bc                  _IPC12 = 0xbc
                    0x00bc                  _IPC12bits = 0xbc
                    0x00c2                  IPC15 = 0xc2
                    0x00c2                  _IPC15 = 0xc2
                    0x00c2                  _IPC15bits = 0xc2
                    0x00c4                  IPC16 = 0xc4
                    0x00c4                  _IPC16 = 0xc4
                    0x00c4                  _IPC16bits = 0xc4
                    0x00c8                  IPC18 = 0xc8
                    0x00c8                  _IPC18 = 0xc8
                    0x00c8                  _IPC18bits = 0xc8
                    0x0100                  TMR1 = 0x100
                    0x0100                  _TMR1 = 0x100
                    0x0102                  PR1 = 0x102
                    0x0102                  _PR1 = 0x102
                    0x0104                  T1CON = 0x104
                    0x0104                  _T1CON = 0x104
                    0x0104                  _T1CONbits = 0x104
                    0x0106                  TMR2 = 0x106
                    0x0106                  _TMR2 = 0x106
                    0x0108                  TMR3HLD = 0x108
                    0x0108                  _TMR3HLD = 0x108
                    0x010a                  TMR3 = 0x10a
                    0x010a                  _TMR3 = 0x10a
                    0x010c                  PR2 = 0x10c
                    0x010c                  _PR2 = 0x10c
                    0x010e                  PR3 = 0x10e
                    0x010e                  _PR3 = 0x10e
                    0x0110                  T2CON = 0x110
                    0x0110                  _T2CON = 0x110
                    0x0110                  _T2CONbits = 0x110
                    0x0112                  T3CON = 0x112
                    0x0112                  _T3CON = 0x112
                    0x0112                  _T3CONbits = 0x112
                    0x0114                  TMR4 = 0x114
                    0x0114                  _TMR4 = 0x114
                    0x0116                  TMR5HLD = 0x116
                    0x0116                  _TMR5HLD = 0x116
                    0x0118                  TMR5 = 0x118
                    0x0118                  _TMR5 = 0x118
                    0x011a                  PR4 = 0x11a
                    0x011a                  _PR4 = 0x11a
                    0x011c                  PR5 = 0x11c
                    0x011c                  _PR5 = 0x11c
                    0x011e                  T4CON = 0x11e
                    0x011e                  _T4CON = 0x11e
                    0x011e                  _T4CONbits = 0x11e
                    0x0120                  T5CON = 0x120
                    0x0120                  _T5CON = 0x120
                    0x0120                  _T5CONbits = 0x120
                    0x0140                  IC1BUF = 0x140
                    0x0140                  _IC1BUF = 0x140
                    0x0142                  IC1CON = 0x142
                    0x0142                  _IC1CON = 0x142
                    0x0142                  _IC1CONbits = 0x142
                    0x0144                  IC2BUF = 0x144
                    0x0144                  _IC2BUF = 0x144
                    0x0146                  IC2CON = 0x146
                    0x0146                  _IC2CON = 0x146
                    0x0146                  _IC2CONbits = 0x146
                    0x0148                  IC3BUF = 0x148
                    0x0148                  _IC3BUF = 0x148
                    0x014a                  IC3CON = 0x14a
                    0x014a                  _IC3CON = 0x14a
                    0x014a                  _IC3CONbits = 0x14a
                    0x014c                  IC4BUF = 0x14c
                    0x014c                  _IC4BUF = 0x14c
                    0x014e                  IC4CON = 0x14e
                    0x014e                  _IC4CON = 0x14e
                    0x014e                  _IC4CONbits = 0x14e
                    0x0150                  IC5BUF = 0x150
                    0x0150                  _IC5BUF = 0x150
                    0x0152                  IC5CON = 0x152
                    0x0152                  _IC5CON = 0x152
                    0x0152                  _IC5CONbits = 0x152
                    0x0180                  OC1RS = 0x180
                    0x0180                  _OC1RS = 0x180
                    0x0182                  OC1R = 0x182
                    0x0182                  _OC1R = 0x182
                    0x0184                  OC1CON = 0x184
                    0x0184                  _OC1CON = 0x184
                    0x0184                  _OC1CONbits = 0x184
                    0x0186                  OC2RS = 0x186
                    0x0186                  _OC2RS = 0x186
                    0x0188                  OC2R = 0x188
                    0x0188                  _OC2R = 0x188
                    0x018a                  OC2CON = 0x18a
                    0x018a                  _OC2CON = 0x18a
                    0x018a                  _OC2CONbits = 0x18a
                    0x018c                  OC3RS = 0x18c
                    0x018c                  _OC3RS = 0x18c
                    0x018e                  OC3R = 0x18e
                    0x018e                  _OC3R = 0x18e
                    0x0190                  OC3CON = 0x190
                    0x0190                  _OC3CON = 0x190
                    0x0190                  _OC3CONbits = 0x190
                    0x0192                  OC4RS = 0x192
                    0x0192                  _OC4RS = 0x192
                    0x0194                  OC4R = 0x194
                    0x0194                  _OC4R = 0x194
                    0x0196                  OC4CON = 0x196
                    0x0196                  _OC4CON = 0x196
                    0x0196                  _OC4CONbits = 0x196
                    0x0198                  OC5RS = 0x198
                    0x0198                  _OC5RS = 0x198
                    0x019a                  OC5R = 0x19a
                    0x019a                  _OC5R = 0x19a
                    0x019c                  OC5CON = 0x19c
                    0x019c                  _OC5CON = 0x19c
                    0x019c                  _OC5CONbits = 0x19c
                    0x0200                  I2C1RCV = 0x200
                    0x0200                  _I2C1RCV = 0x200
                    0x0202                  I2C1TRN = 0x202
                    0x0202                  _I2C1TRN = 0x202
                    0x0204                  I2C1BRG = 0x204
                    0x0204                  _I2C1BRG = 0x204
                    0x0206                  I2C1CON = 0x206
                    0x0206                  _I2C1CON = 0x206
                    0x0206                  _I2C1CONbits = 0x206
                    0x0208                  I2C1STAT = 0x208
                    0x0208                  _I2C1STAT = 0x208
                    0x0208                  _I2C1STATbits = 0x208
                    0x020a                  I2C1ADD = 0x20a
                    0x020a                  _I2C1ADD = 0x20a
                    0x020c                  I2C1MSK = 0x20c
                    0x020c                  _I2C1MSK = 0x20c
                    0x0210                  I2C2RCV = 0x210
                    0x0210                  _I2C2RCV = 0x210
                    0x0212                  I2C2TRN = 0x212
                    0x0212                  _I2C2TRN = 0x212
                    0x0214                  I2C2BRG = 0x214
                    0x0214                  _I2C2BRG = 0x214
                    0x0216                  I2C2CON = 0x216
                    0x0216                  _I2C2CON = 0x216
                    0x0216                  _I2C2CONbits = 0x216
                    0x0218                  I2C2STAT = 0x218
                    0x0218                  _I2C2STAT = 0x218
                    0x0218                  _I2C2STATbits = 0x218
                    0x021a                  I2C2ADD = 0x21a
                    0x021a                  _I2C2ADD = 0x21a
                    0x021c                  I2C2MSK = 0x21c
                    0x021c                  _I2C2MSK = 0x21c
                    0x0220                  U1MODE = 0x220
                    0x0220                  _U1MODE = 0x220
                    0x0220                  _U1MODEbits = 0x220
                    0x0222                  U1STA = 0x222
                    0x0222                  _U1STA = 0x222
                    0x0222                  _U1STAbits = 0x222
                    0x0224                  U1TXREG = 0x224
                    0x0224                  _U1TXREG = 0x224
                    0x0226                  U1RXREG = 0x226
                    0x0226                  _U1RXREG = 0x226
                    0x0228                  U1BRG = 0x228
                    0x0228                  _U1BRG = 0x228
                    0x0230                  U2MODE = 0x230
                    0x0230                  _U2MODE = 0x230
                    0x0230                  _U2MODEbits = 0x230
                    0x0232                  U2STA = 0x232
                    0x0232                  _U2STA = 0x232
                    0x0232                  _U2STAbits = 0x232
                    0x0234                  U2TXREG = 0x234
                    0x0234                  _U2TXREG = 0x234
                    0x0236                  U2RXREG = 0x236
                    0x0236                  _U2RXREG = 0x236
                    0x0238                  U2BRG = 0x238
                    0x0238                  _U2BRG = 0x238
                    0x0240                  SPI1STAT = 0x240
                    0x0240                  _SPI1STAT = 0x240
                    0x0240                  _SPI1STATbits = 0x240
                    0x0242                  SPI1CON1 = 0x242
                    0x0242                  _SPI1CON1 = 0x242
                    0x0242                  _SPI1CON1bits = 0x242
                    0x0244                  SPI1CON2 = 0x244
                    0x0244                  _SPI1CON2 = 0x244
                    0x0244                  _SPI1CON2bits = 0x244
                    0x0248                  SPI1BUF = 0x248
                    0x0248                  _SPI1BUF = 0x248
                    0x0260                  SPI2STAT = 0x260
                    0x0260                  _SPI2STAT = 0x260
                    0x0260                  _SPI2STATbits = 0x260
                    0x0262                  SPI2CON1 = 0x262
                    0x0262                  _SPI2CON1 = 0x262
                    0x0262                  _SPI2CON1bits = 0x262
                    0x0264                  SPI2CON2 = 0x264
                    0x0264                  _SPI2CON2 = 0x264
                    0x0264                  _SPI2CON2bits = 0x264
                    0x0268                  SPI2BUF = 0x268
                    0x0268                  _SPI2BUF = 0x268
                    0x02c0                  TRISA = 0x2c0
                    0x02c0                  _TRISA = 0x2c0
                    0x02c0                  _TRISAbits = 0x2c0
                    0x02c2                  PORTA = 0x2c2
                    0x02c2                  _PORTA = 0x2c2
                    0x02c2                  _PORTAbits = 0x2c2
                    0x02c4                  LATA = 0x2c4
                    0x02c4                  _LATA = 0x2c4
                    0x02c4                  _LATAbits = 0x2c4
                    0x02c6                  ODCA = 0x2c6
                    0x02c6                  _ODCA = 0x2c6
                    0x02c6                  _ODCAbits = 0x2c6
                    0x02c8                  TRISB = 0x2c8
                    0x02c8                  _TRISB = 0x2c8
                    0x02c8                  _TRISBbits = 0x2c8
                    0x02ca                  PORTB = 0x2ca
                    0x02ca                  _PORTB = 0x2ca
                    0x02ca                  _PORTBbits = 0x2ca
                    0x02cc                  LATB = 0x2cc
                    0x02cc                  _LATB = 0x2cc
                    0x02cc                  _LATBbits = 0x2cc
                    0x02ce                  ODCB = 0x2ce
                    0x02ce                  _ODCB = 0x2ce
                    0x02ce                  _ODCBbits = 0x2ce
                    0x02fc                  PADCFG1 = 0x2fc
                    0x02fc                  _PADCFG1 = 0x2fc
                    0x02fc                  _PADCFG1bits = 0x2fc
                    0x0300                  ADC1BUF0 = 0x300
                    0x0300                  _ADC1BUF0 = 0x300
                    0x0302                  ADC1BUF1 = 0x302
                    0x0302                  _ADC1BUF1 = 0x302
                    0x0304                  ADC1BUF2 = 0x304
                    0x0304                  _ADC1BUF2 = 0x304
                    0x0306                  ADC1BUF3 = 0x306
                    0x0306                  _ADC1BUF3 = 0x306
                    0x0308                  ADC1BUF4 = 0x308
                    0x0308                  _ADC1BUF4 = 0x308
                    0x030a                  ADC1BUF5 = 0x30a
                    0x030a                  _ADC1BUF5 = 0x30a
                    0x030c                  ADC1BUF6 = 0x30c
                    0x030c                  _ADC1BUF6 = 0x30c
                    0x030e                  ADC1BUF7 = 0x30e
                    0x030e                  _ADC1BUF7 = 0x30e
                    0x0310                  ADC1BUF8 = 0x310
                    0x0310                  _ADC1BUF8 = 0x310
                    0x0312                  ADC1BUF9 = 0x312
                    0x0312                  _ADC1BUF9 = 0x312
                    0x0314                  ADC1BUFA = 0x314
                    0x0314                  _ADC1BUFA = 0x314
                    0x0316                  ADC1BUFB = 0x316
                    0x0316                  _ADC1BUFB = 0x316
                    0x0318                  ADC1BUFC = 0x318
                    0x0318                  _ADC1BUFC = 0x318
                    0x031a                  ADC1BUFD = 0x31a
                    0x031a                  _ADC1BUFD = 0x31a
                    0x031c                  ADC1BUFE = 0x31c
                    0x031c                  _ADC1BUFE = 0x31c
                    0x031e                  ADC1BUFF = 0x31e
                    0x031e                  _ADC1BUFF = 0x31e
                    0x0320                  AD1CON1 = 0x320
                    0x0320                  _AD1CON1 = 0x320
                    0x0320                  _AD1CON1bits = 0x320
                    0x0322                  AD1CON2 = 0x322
                    0x0322                  _AD1CON2 = 0x322
                    0x0322                  _AD1CON2bits = 0x322
                    0x0324                  AD1CON3 = 0x324
                    0x0324                  _AD1CON3 = 0x324
                    0x0324                  _AD1CON3bits = 0x324
                    0x0328                  AD1CHS = 0x328
                    0x0328                  _AD1CHS = 0x328
                    0x0328                  _AD1CHSbits = 0x328
                    0x032c                  AD1PCFG = 0x32c
                    0x032c                  _AD1PCFG = 0x32c
                    0x032c                  _AD1PCFGbits = 0x32c
                    0x0330                  AD1CSSL = 0x330
                    0x0330                  _AD1CSSL = 0x330
                    0x0330                  _AD1CSSLbits = 0x330
                    0x0600                  PMCON = 0x600
                    0x0600                  _PMCON = 0x600
                    0x0600                  _PMCONbits = 0x600
                    0x0602                  PMMODE = 0x602
                    0x0602                  _PMMODE = 0x602
                    0x0602                  _PMMODEbits = 0x602
                    0x0604                  PMADDR = 0x604
                    0x0604                  _PMADDR = 0x604
                    0x0604                  _PMADDRbits = 0x604
                    0x0604                  PMDOUT1 = 0x604
                    0x0604                  _PMDOUT1 = 0x604
                    0x0604                  _PMDOUT1bits = 0x604
                    0x0606                  PMDOUT2 = 0x606
                    0x0606                  _PMDOUT2 = 0x606
                    0x0608                  PMDIN1 = 0x608
                    0x0608                  _PMDIN1 = 0x608
                    0x060a                  PMDIN2 = 0x60a
                    0x060a                  _PMDIN2 = 0x60a
                    0x060c                  PMAEN = 0x60c
                    0x060c                  _PMAEN = 0x60c
                    0x060c                  _PMAENbits = 0x60c
                    0x060e                  PMSTAT = 0x60e
                    0x060e                  _PMSTAT = 0x60e
                    0x060e                  _PMSTATbits = 0x60e
                    0x0620                  ALRMVAL = 0x620
                    0x0620                  _ALRMVAL = 0x620
                    0x0622                  ALCFGRPT = 0x622
                    0x0622                  _ALCFGRPT = 0x622
                    0x0622                  _ALCFGRPTbits = 0x622
                    0x0624                  RTCVAL = 0x624
                    0x0624                  _RTCVAL = 0x624
                    0x0626                  RCFGCAL = 0x626
                    0x0626                  _RCFGCAL = 0x626
                    0x0626                  _RCFGCALbits = 0x626
                    0x0630                  CMCON = 0x630
                    0x0630                  _CMCON = 0x630
                    0x0630                  _CMCONbits = 0x630
                    0x0632                  CVRCON = 0x632
                    0x0632                  _CVRCON = 0x632
                    0x0632                  _CVRCONbits = 0x632
                    0x0640                  CRCCON = 0x640
                    0x0640                  _CRCCON = 0x640
                    0x0640                  _CRCCONbits = 0x640
                    0x0642                  CRCXOR = 0x642
                    0x0642                  _CRCXOR = 0x642
                    0x0642                  _CRCXORbits = 0x642
                    0x0644                  CRCDAT = 0x644
                    0x0644                  _CRCDAT = 0x644
                    0x0646                  CRCWDAT = 0x646
                    0x0646                  _CRCWDAT = 0x646
                    0x0680                  RPINR0 = 0x680
                    0x0680                  _RPINR0 = 0x680
                    0x0680                  _RPINR0bits = 0x680
                    0x0682                  RPINR1 = 0x682
                    0x0682                  _RPINR1 = 0x682
                    0x0682                  _RPINR1bits = 0x682
                    0x0686                  RPINR3 = 0x686
                    0x0686                  _RPINR3 = 0x686
                    0x0686                  _RPINR3bits = 0x686
                    0x0688                  RPINR4 = 0x688
                    0x0688                  _RPINR4 = 0x688
                    0x0688                  _RPINR4bits = 0x688
                    0x068e                  RPINR7 = 0x68e
                    0x068e                  _RPINR7 = 0x68e
                    0x068e                  _RPINR7bits = 0x68e
                    0x0690                  RPINR8 = 0x690
                    0x0690                  _RPINR8 = 0x690
                    0x0690                  _RPINR8bits = 0x690
                    0x0692                  RPINR9 = 0x692
                    0x0692                  _RPINR9 = 0x692
                    0x0692                  _RPINR9bits = 0x692
                    0x0696                  RPINR11 = 0x696
                    0x0696                  _RPINR11 = 0x696
                    0x0696                  _RPINR11bits = 0x696
                    0x06a4                  RPINR18 = 0x6a4
                    0x06a4                  _RPINR18 = 0x6a4
                    0x06a4                  _RPINR18bits = 0x6a4
                    0x06a6                  RPINR19 = 0x6a6
                    0x06a6                  _RPINR19 = 0x6a6
                    0x06a6                  _RPINR19bits = 0x6a6
                    0x06a8                  RPINR20 = 0x6a8
                    0x06a8                  _RPINR20 = 0x6a8
                    0x06a8                  _RPINR20bits = 0x6a8
                    0x06aa                  RPINR21 = 0x6aa
                    0x06aa                  _RPINR21 = 0x6aa
                    0x06aa                  _RPINR21bits = 0x6aa
                    0x06ac                  RPINR22 = 0x6ac
                    0x06ac                  _RPINR22 = 0x6ac
                    0x06ac                  _RPINR22bits = 0x6ac
                    0x06ae                  RPINR23 = 0x6ae
                    0x06ae                  _RPINR23 = 0x6ae
                    0x06ae                  _RPINR23bits = 0x6ae
                    0x06c0                  RPOR0 = 0x6c0
                    0x06c0                  _RPOR0 = 0x6c0
                    0x06c0                  _RPOR0bits = 0x6c0
                    0x06c2                  RPOR1 = 0x6c2
                    0x06c2                  _RPOR1 = 0x6c2
                    0x06c2                  _RPOR1bits = 0x6c2
                    0x06c4                  RPOR2 = 0x6c4
                    0x06c4                  _RPOR2 = 0x6c4
                    0x06c4                  _RPOR2bits = 0x6c4
                    0x06c6                  RPOR3 = 0x6c6
                    0x06c6                  _RPOR3 = 0x6c6
                    0x06c6                  _RPOR3bits = 0x6c6
                    0x06c8                  RPOR4 = 0x6c8
                    0x06c8                  _RPOR4 = 0x6c8
                    0x06c8                  _RPOR4bits = 0x6c8
                    0x06ca                  RPOR5 = 0x6ca
                    0x06ca                  _RPOR5 = 0x6ca
                    0x06ca                  _RPOR5bits = 0x6ca
                    0x06cc                  RPOR6 = 0x6cc
                    0x06cc                  _RPOR6 = 0x6cc
                    0x06cc                  _RPOR6bits = 0x6cc
                    0x06ce                  RPOR7 = 0x6ce
                    0x06ce                  _RPOR7 = 0x6ce
                    0x06ce                  _RPOR7bits = 0x6ce
                    0x0740                  RCON = 0x740
                    0x0740                  _RCON = 0x740
                    0x0740                  _RCONbits = 0x740
                    0x0742                  OSCCON = 0x742
                    0x0742                  _OSCCON = 0x742
                    0x0742                  _OSCCONbits = 0x742
                    0x0742                  OSCCONL = 0x742
                    0x0742                  _OSCCONL = 0x742
                    0x0743                  OSCCONH = 0x743
                    0x0743                  _OSCCONH = 0x743
                    0x0744                  CLKDIV = 0x744
                    0x0744                  _CLKDIV = 0x744
                    0x0744                  _CLKDIVbits = 0x744
                    0x0748                  OSCTUN = 0x748
                    0x0748                  _OSCTUN = 0x748
                    0x0748                  _OSCTUNbits = 0x748
                    0x0760                  NVMCON = 0x760
                    0x0760                  _NVMCON = 0x760
                    0x0760                  _NVMCONbits = 0x760
                    0x0766                  NVMKEY = 0x766
                    0x0766                  _NVMKEY = 0x766
                    0x0770                  PMD1 = 0x770
                    0x0770                  _PMD1 = 0x770
                    0x0770                  _PMD1bits = 0x770
                    0x0772                  PMD2 = 0x772
                    0x0772                  _PMD2 = 0x772
                    0x0772                  _PMD2bits = 0x772
                    0x0774                  PMD3 = 0x774
                    0x0774                  _PMD3 = 0x774
                    0x0774                  _PMD3bits = 0x774
                    0x0140                  IC1 = 0x140
                    0x0140                  _IC1 = 0x140
                    0x0144                  IC2 = 0x144
                    0x0144                  _IC2 = 0x144
                    0x0148                  IC3 = 0x148
                    0x0148                  _IC3 = 0x148
                    0x014c                  IC4 = 0x14c
                    0x014c                  _IC4 = 0x14c
                    0x0150                  IC5 = 0x150
                    0x0150                  _IC5 = 0x150
                    0x0180                  OC1 = 0x180
                    0x0180                  _OC1 = 0x180
                    0x0186                  OC2 = 0x186
                    0x0186                  _OC2 = 0x186
                    0x018c                  OC3 = 0x18c
                    0x018c                  _OC3 = 0x18c
                    0x0192                  OC4 = 0x192
                    0x0192                  _OC4 = 0x192
                    0x0198                  OC5 = 0x198
                    0x0198                  _OC5 = 0x198
                    0x0240                  SPI1 = 0x240
                    0x0240                  _SPI1 = 0x240
                    0x0260                  SPI2 = 0x260
                    0x0260                  _SPI2 = 0x260
                    0x0220                  UART1 = 0x220
                    0x0220                  _UART1 = 0x220
                    0x0230                  UART2 = 0x230
                    0x0230                  _UART2 = 0x230
START GROUP
LOAD c:/ecc-lab/embedded/compilers/xc16/bin/bin/../../lib\liblega-pic30-elf.a
LOAD c:/ecc-lab/embedded/compilers/xc16/bin/bin/../../lib\libm-elf.a
LOAD c:/ecc-lab/embedded/compilers/xc16/bin/bin/../../lib\liblega-c-elf.a
END GROUP
OUTPUT(./output/objects/elf.elf elf32-pic30)
LOAD jump_table
LOAD default_isr
LOAD heap
LOAD data_init

.debug_pubtypes
                  0x000120        0x767
 .debug_pubtypes
                  0x000120         0x3c ./output/objects/main.o
 .debug_pubtypes
                  0x00015c         0x1f ../../../library/BSP/dist/libs/ecc-pic24-bsp.a(BSP_Main.o)
 .debug_pubtypes
                  0x00017b         0x40 ../../../library/BSP/dist/libs/ecc-pic24-bsp.a(BSP_Mcu.o)
 .debug_pubtypes
                  0x0001bb         0x8f ../../../library/BSP/dist/libs/ecc-pic24-bsp.a(BSP_SysTick.o)
 .debug_pubtypes
                  0x00024a         0x66 ../../../library/BSP/dist/libs/ecc-pic24-bsp.a(BSP_PswKey.o)
 .debug_pubtypes
                  0x0002b0         0xdf ../../../library/BSP/dist/libs/ecc-pic24-bsp.a(BSP_Beep.o)
 .debug_pubtypes
                  0x00038f        0x13d ../../../library/BSP/dist/libs/ecc-pic24-bsp.a(BSP_Adc.o)
 .debug_pubtypes
                  0x0004cc         0x54 ../../../library/BSP/dist/libs/ecc-pic24-bsp.a(BSP_LedBlink.o)
 .debug_pubtypes
                  0x000520         0xa3 ../../../library/BSP/dist/libs/ecc-pic24-bsp.a(BSP_Led.o)
 .debug_pubtypes
                  0x0005c3         0x4a ../../../library/BSP/dist/libs/ecc-pic24-bsp.a(BSP_Psw.o)
 .debug_pubtypes
                  0x00060d        0x245 ../../../library/BSP/dist/libs/ecc-pic24-bsp.a(BSP_Uart.o)
 .debug_pubtypes
                  0x000852         0x35 ../../../library/BSP/dist/libs/ecc-pic24-bsp.a(BSP_Queue.o)

__c30_signature
                  0x000887        0x1bc
 __c30_signature
                  0x000887          0x6 ./output/objects/main.o
 __c30_signature
                  0x00088d          0x6 ../../../library/BSP/dist/libs/ecc-pic24-bsp.a(BSP_Main.o)
 __c30_signature
                  0x000893          0x6 ../../../library/BSP/dist/libs/ecc-pic24-bsp.a(BSP_Mcu.o)
 __c30_signature
                  0x000899          0x6 ../../../library/BSP/dist/libs/ecc-pic24-bsp.a(BSP_SysTick.o)
 __c30_signature
                  0x00089f          0x6 ../../../library/BSP/dist/libs/ecc-pic24-bsp.a(BSP_PswKey.o)
 __c30_signature
                  0x0008a5          0x6 ../../../library/BSP/dist/libs/ecc-pic24-bsp.a(BSP_Beep.o)
 __c30_signature
                  0x0008ab          0x6 ../../../library/BSP/dist/libs/ecc-pic24-bsp.a(BSP_Adc.o)
 __c30_signature
                  0x0008b1          0x6 ../../../library/BSP/dist/libs/ecc-pic24-bsp.a(BSP_LedBlink.o)
 __c30_signature
                  0x0008b7          0x6 ../../../library/BSP/dist/libs/ecc-pic24-bsp.a(BSP_Led.o)
 __c30_signature
                  0x0008bd          0x6 ../../../library/BSP/dist/libs/ecc-pic24-bsp.a(BSP_Psw.o)
 __c30_signature
                  0x0008c3          0x6 ../../../library/BSP/dist/libs/ecc-pic24-bsp.a(BSP_Uart.o)
 __c30_signature
                  0x0008c9          0x6 ../../../library/BSP/dist/libs/ecc-pic24-bsp.a(BSP_Queue.o)
 __c30_signature
                  0x0008cf          0x6 c:/ecc-lab/embedded/compilers/xc16/bin/bin/../../lib\liblega-pic30-elf.a(crt0_standard.o)
 __c30_signature
                  0x0008d5          0x6 c:/ecc-lab/embedded/compilers/xc16/bin/bin/../../lib\liblega-pic30-elf.a(data_init_standard.o)
 __c30_signature
                  0x0008db          0x6 c:/ecc-lab/embedded/compilers/xc16/bin/bin/../../lib\libm-elf.a(addsf3.eo)
 __c30_signature
                  0x0008e1          0x6 c:/ecc-lab/embedded/compilers/xc16/bin/bin/../../lib\libm-elf.a(divsf3.eo)
 __c30_signature
                  0x0008e7          0x6 c:/ecc-lab/embedded/compilers/xc16/bin/bin/../../lib\libm-elf.a(feqltle.eo)
 __c30_signature
                  0x0008ed          0x6 c:/ecc-lab/embedded/compilers/xc16/bin/bin/../../lib\libm-elf.a(fgtge.eo)
 __c30_signature
                  0x0008f3          0x6 c:/ecc-lab/embedded/compilers/xc16/bin/bin/../../lib\libm-elf.a(fixunssfsi.eo)
 __c30_signature
                  0x0008f9          0x6 c:/ecc-lab/embedded/compilers/xc16/bin/bin/../../lib\libm-elf.a(floatsisf.eo)
 __c30_signature
                  0x0008ff          0x6 c:/ecc-lab/embedded/compilers/xc16/bin/bin/../../lib\libm-elf.a(floatunsisf.eo)
 __c30_signature
                  0x000905          0x6 c:/ecc-lab/embedded/compilers/xc16/bin/bin/../../lib\libm-elf.a(fne.eo)
 __c30_signature
                  0x00090b          0x6 c:/ecc-lab/embedded/compilers/xc16/bin/bin/../../lib\libm-elf.a(fpack.eo)
 __c30_signature
                  0x000911          0x6 c:/ecc-lab/embedded/compilers/xc16/bin/bin/../../lib\libm-elf.a(funpack.eo)
 __c30_signature
                  0x000917          0x6 c:/ecc-lab/embedded/compilers/xc16/bin/bin/../../lib\libm-elf.a(funpack2.eo)
 __c30_signature
                  0x00091d          0x6 c:/ecc-lab/embedded/compilers/xc16/bin/bin/../../lib\libm-elf.a(futil.eo)
 __c30_signature
                  0x000923          0x6 c:/ecc-lab/embedded/compilers/xc16/bin/bin/../../lib\libm-elf.a(mulsf3.eo)
 __c30_signature
                  0x000929          0x6 c:/ecc-lab/embedded/compilers/xc16/bin/bin/../../lib\libm-elf.a(fcompare.eo)
 __c30_signature
                  0x00092f          0x6 c:/ecc-lab/embedded/compilers/xc16/bin/bin/../../lib\libm-elf.a(floatdisf.eo)
 __c30_signature
                  0x000935          0x6 c:/ecc-lab/embedded/compilers/xc16/bin/bin/../../lib\libm-elf.a(floatundisf.eo)
 __c30_signature
                  0x00093b          0x6 c:/ecc-lab/embedded/compilers/xc16/bin/bin/../../lib\liblega-c-elf.a(free.XX_eo)
 __c30_signature
                  0x000941          0x6 c:/ecc-lab/embedded/compilers/xc16/bin/bin/../../lib\liblega-c-elf.a(malloc.XX_eo)
 __c30_signature
                  0x000947          0x6 c:/ecc-lab/embedded/compilers/xc16/bin/bin/../../lib\liblega-c-elf.a(strlen.XX_eo)
 __c30_signature
                  0x00094d          0x6 c:/ecc-lab/embedded/compilers/xc16/bin/bin/../../lib\liblega-c-elf.a(xgetmem.XX_eo)
 __c30_signature
                  0x000953          0x6 c:/ecc-lab/embedded/compilers/xc16/bin/bin/../../lib\liblega-c-elf.a(vsprintf.XX_eo)
 __c30_signature
                  0x000959          0x6 c:/ecc-lab/embedded/compilers/xc16/bin/bin/../../lib\liblega-c-elf.a(xprintf.XX_eo)
 __c30_signature
                  0x00095f          0x6 c:/ecc-lab/embedded/compilers/xc16/bin/bin/../../lib\liblega-c-elf.a(xputfld.XX_eo)
 __c30_signature
                  0x000965          0x6 c:/ecc-lab/embedded/compilers/xc16/bin/bin/../../lib\liblega-c-elf.a(strchr.XX_elo)
 __c30_signature
                  0x00096b          0x6 c:/ecc-lab/embedded/compilers/xc16/bin/bin/../../lib\liblega-c-elf.a(xvacopy.XX_elo)
 __c30_signature
                  0x000971          0x6 c:/ecc-lab/embedded/compilers/xc16/bin/bin/../../lib\liblega-c-elf.a(memchr.XX_eo)
 __c30_signature
                  0x000977          0x6 c:/ecc-lab/embedded/compilers/xc16/bin/bin/../../lib\liblega-c-elf.a(memcpy.XX_eo)
 __c30_signature
                  0x00097d          0x6 c:/ecc-lab/embedded/compilers/xc16/bin/bin/../../lib\liblega-c-elf.a(xldtob.XX_eo)
 __c30_signature
                  0x000983          0x6 c:/ecc-lab/embedded/compilers/xc16/bin/bin/../../lib\liblega-c-elf.a(xldunsca.XX_eo)
 __c30_signature
                  0x000989          0x6 c:/ecc-lab/embedded/compilers/xc16/bin/bin/../../lib\liblega-c-elf.a(xlitob.XX_eo)
 __c30_signature
                  0x00098f          0x6 c:/ecc-lab/embedded/compilers/xc16/bin/bin/../../lib\liblega-c-elf.a(xputtxt.XX_eo)
 __c30_signature
                  0x000995          0x6 c:/ecc-lab/embedded/compilers/xc16/bin/bin/../../lib\liblega-c-elf.a(ldiv.XX_elo)
 __c30_signature
                  0x00099b          0x6 c:/ecc-lab/embedded/compilers/xc16/bin/bin/../../lib\liblega-c-elf.a(xdnorm.XX_elo)
 __c30_signature
                  0x0009a1          0x6 c:/ecc-lab/embedded/compilers/xc16/bin/bin/../../lib\liblega-c-elf.a(xldscale.XX_elo)
 __c30_signature
                  0x0009a7          0x6 c:/ecc-lab/embedded/compilers/xc16/bin/bin/../../lib\liblega-c-elf.a(xgenld.XX_eo)
 __c30_signature
                  0x0009ad          0x6 c:/ecc-lab/embedded/compilers/xc16/bin/bin/../../lib\liblega-c-elf.a(div.XX_elo)
 __c30_signature
                  0x0009b3          0x6 c:/ecc-lab/embedded/compilers/xc16/bin/bin/../../lib\liblega-pic30-elf.a(sbrk.Leo)
 __c30_signature
                  0x0009b9          0x6 c:/ecc-lab/embedded/compilers/xc16/bin/bin/../../lib\liblega-pic30-elf.a(brk.Lelo)
 __c30_signature
                  0x0009bf          0x6 c:/ecc-lab/embedded/compilers/xc16/bin/bin/../../lib\libm-elf.a(deqltle.eo)
 __c30_signature
                  0x0009c5          0x6 c:/ecc-lab/embedded/compilers/xc16/bin/bin/../../lib\libm-elf.a(dgtge.eo)
 __c30_signature
                  0x0009cb          0x6 c:/ecc-lab/embedded/compilers/xc16/bin/bin/../../lib\libm-elf.a(divdf3.eo)
 __c30_signature
                  0x0009d1          0x6 c:/ecc-lab/embedded/compilers/xc16/bin/bin/../../lib\libm-elf.a(divsi3.eo)
 __c30_signature
                  0x0009d7          0x6 c:/ecc-lab/embedded/compilers/xc16/bin/bin/../../lib\libm-elf.a(dpack.eo)
 __c30_signature
                  0x0009dd          0x6 c:/ecc-lab/embedded/compilers/xc16/bin/bin/../../lib\libm-elf.a(dunpack2.eo)
 __c30_signature
                  0x0009e3          0x6 c:/ecc-lab/embedded/compilers/xc16/bin/bin/../../lib\libm-elf.a(extendsfdf.eo)
 __c30_signature
                  0x0009e9          0x6 c:/ecc-lab/embedded/compilers/xc16/bin/bin/../../lib\libm-elf.a(fixdfsi.eo)
 __c30_signature
                  0x0009ef          0x6 c:/ecc-lab/embedded/compilers/xc16/bin/bin/../../lib\libm-elf.a(floatsidf.eo)
 __c30_signature
                  0x0009f5          0x6 c:/ecc-lab/embedded/compilers/xc16/bin/bin/../../lib\libm-elf.a(muldf3.eo)
 __c30_signature
                  0x0009fb          0x6 c:/ecc-lab/embedded/compilers/xc16/bin/bin/../../lib\libm-elf.a(subdf3.eo)
 __c30_signature
                  0x000a01          0x6 c:/ecc-lab/embedded/compilers/xc16/bin/bin/../../lib\libm-elf.a(udivsi3.eo)
 __c30_signature
                  0x000a07          0x6 c:/ecc-lab/embedded/compilers/xc16/bin/bin/../../lib\libm-elf.a(umodsi3.eo)
 __c30_signature
                  0x000a0d          0x6 c:/ecc-lab/embedded/compilers/xc16/bin/bin/../../lib\libm-elf.a(mulsi3.eo)
 __c30_signature
                  0x000a13          0x6 c:/ecc-lab/embedded/compilers/xc16/bin/bin/../../lib\libm-elf.a(divmoddi3.eo)
 __c30_signature
                  0x000a19          0x6 c:/ecc-lab/embedded/compilers/xc16/bin/bin/../../lib\libm-elf.a(adddf3.eo)
 __c30_signature
                  0x000a1f          0x6 c:/ecc-lab/embedded/compilers/xc16/bin/bin/../../lib\libm-elf.a(dcompare.eo)
 __c30_signature
                  0x000a25          0x6 c:/ecc-lab/embedded/compilers/xc16/bin/bin/../../lib\libm-elf.a(dpropagateNaN.eo)
 __c30_signature
                  0x000a2b          0x6 c:/ecc-lab/embedded/compilers/xc16/bin/bin/../../lib\libm-elf.a(dtype.eo)
 __c30_signature
                  0x000a31          0x6 c:/ecc-lab/embedded/compilers/xc16/bin/bin/../../lib\libm-elf.a(dunpack.eo)
 __c30_signature
                  0x000a37          0x6 c:/ecc-lab/embedded/compilers/xc16/bin/bin/../../lib\libm-elf.a(floatdidf.eo)
 __c30_signature
                  0x000a3d          0x6 c:/ecc-lab/embedded/compilers/xc16/bin/bin/../../lib\libm-elf.a(floatundidf.eo)

.nbss               0x0800         0x10
 .nbss              0x0800          0x8 ../../../library/BSP/dist/libs/ecc-pic24-bsp.a(BSP_Adc.o)
 .nbss              0x0808          0x6 ../../../library/BSP/dist/libs/ecc-pic24-bsp.a(BSP_SysTick.o)
 .nbss              0x080e          0x2 ../../../library/BSP/dist/libs/ecc-pic24-bsp.a(BSP_Main.o)

.data               0x0810         0x7a
 .data              0x0810         0x7a c:/ecc-lab/embedded/compilers/xc16/bin/bin/../../lib\liblega-c-elf.a(xldtob.XX_eo)

.bss                0x088a        0x174
 .bss               0x088a         0x74 ../../../library/BSP/dist/libs/ecc-pic24-bsp.a(BSP_Uart.o)
                    0x088a                  _u1
                    0x08ac                  _u2
                    0x08ce                  _u1rxqueue
                    0x08da                  _u1txqueue
                    0x08e6                  _u2rxqueue
                    0x08f2                  _u2txqueue
 .bss               0x08fe         0x68 ../../../library/BSP/dist/libs/ecc-pic24-bsp.a(BSP_PswKey.o)
 .bss               0x0966         0x50 ../../../library/BSP/dist/libs/ecc-pic24-bsp.a(BSP_LedBlink.o)
 .bss               0x09b6         0x48 ../../../library/BSP/dist/libs/ecc-pic24-bsp.a(BSP_Adc.o)

.data               0x09fe         0x3c
 .data              0x09fe         0x22 c:/ecc-lab/embedded/compilers/xc16/bin/bin/../../lib\liblega-c-elf.a(xlitob.XX_eo)
 .data              0x0a20         0x1a c:/ecc-lab/embedded/compilers/xc16/bin/bin/../../lib\liblega-c-elf.a(xprintf.XX_eo)

.bss                0x0a3a         0x1e
 .bss               0x0a3a         0x14 ../../../library/BSP/dist/libs/ecc-pic24-bsp.a(BSP_Beep.o)
 .bss               0x0a4e          0x6 ../../../library/BSP/dist/libs/ecc-pic24-bsp.a(BSP_SysTick.o)
 .bss               0x0a54          0x4 c:/ecc-lab/embedded/compilers/xc16/bin/bin/../../lib\liblega-c-elf.a(malloc.XX_eo)
                    0x0a54                  __Aldata

.data               0x0a58          0x4
 .data              0x0a58          0x2 c:/ecc-lab/embedded/compilers/xc16/bin/bin/../../lib\liblega-c-elf.a(malloc.XX_eo)
                    0x0a58                  __Size_block
 .data              0x0a5a          0x2 c:/ecc-lab/embedded/compilers/xc16/bin/bin/../../lib\liblega-c-elf.a(xgenld.XX_eo)

.bss                0x0a5c          0x2
 .bss               0x0a5c          0x2 c:/ecc-lab/embedded/compilers/xc16/bin/bin/../../lib\liblega-pic30-elf.a(brk.Lelo)
                    0x0a5c                  ___curbrk

.heap               0x0a5e        0xc18
 .heap              0x0a5e        0xc18 heap

.ivt._T1Interrupt
                  0x00001a          0x2
 .ivt._T1Interrupt
                  0x00001a          0x2 ./output/objects/main.o

.config_JTAGEN    0x0083fe          0x2
 .config_JTAGEN
                  0x0083fe          0x2 ../../../library/BSP/dist/libs/ecc-pic24-bsp.a(BSP_Mcu.o)

.config_IESO      0x0083fc          0x2
 .config_IESO     0x0083fc          0x2 ../../../library/BSP/dist/libs/ecc-pic24-bsp.a(BSP_Mcu.o)

.ivt._ADC1Interrupt
                  0x00002e          0x2
 .ivt._ADC1Interrupt
                  0x00002e          0x2 ../../../library/BSP/dist/libs/ecc-pic24-bsp.a(BSP_Adc.o)

.ivt._U1RXInterrupt
                  0x00002a          0x2
 .ivt._U1RXInterrupt
                  0x00002a          0x2 ../../../library/BSP/dist/libs/ecc-pic24-bsp.a(BSP_Uart.o)

.ivt._U2RXInterrupt
                  0x000050          0x2
 .ivt._U2RXInterrupt
                  0x000050          0x2 ../../../library/BSP/dist/libs/ecc-pic24-bsp.a(BSP_Uart.o)

.ivt._U1TXInterrupt
                  0x00002c          0x2
 .ivt._U1TXInterrupt
                  0x00002c          0x2 ../../../library/BSP/dist/libs/ecc-pic24-bsp.a(BSP_Uart.o)

.ivt._U2TXInterrupt
                  0x000052          0x2
 .ivt._U2TXInterrupt
                  0x000052          0x2 ../../../library/BSP/dist/libs/ecc-pic24-bsp.a(BSP_Uart.o)

.const              0xa1ae         0xd0 load address 0x0021ae  
 .const             0xa1ae         0x44 ../../../library/BSP/dist/libs/ecc-pic24-bsp.a(BSP_Uart.o)
 .const             0xa1f2         0x36 ./output/objects/main.o
 .const             0xa228         0x2c ../../../library/BSP/dist/libs/ecc-pic24-bsp.a(BSP_Beep.o)
 .const             0xa254         0x2a ../../../library/BSP/dist/libs/ecc-pic24-bsp.a(BSP_PswKey.o)

.text             0x00227e       0x1fb0
 .text            0x00227e        0xdce ../../../library/BSP/dist/libs/ecc-pic24-bsp.a(BSP_Uart.o)
                  0x002386                  _Uart1_SetTxBuffer
                  0x002398                  _Uart1_SetRxBuffer
                  0x0023aa                  _Uart2_SetTxBuffer
                  0x0023bc                  _Uart2_SetRxBuffer
                  0x0023ce                  _Uart1_Init
                  0x0024aa                  _Uart2_Init
                  0x002586                  _Uart_Init
                  0x0025b8                  _Uart1_Put
                  0x0025d0                  _Uart2_Put
                  0x0025e8                  _Uart1_Get
                  0x00260e                  _Uart2_Get
                  0x002634                  _Uart1_Write
                  0x002668                  _Uart2_Write
                  0x00269c                  _Uart1_WriteBytes
                  0x0026d8                  _Uart2_WriteBytes
                  0x002714                  _Uart1_PutAsync
                  0x002762                  _Uart2_PutAsync
                  0x0027b0                  _Uart1_WriteAsync
                  0x00285e                  _Uart2_WriteAsync
                  0x00290a                  _Uart1_GetTxBufferSpace
                  0x00291a                  _Uart2_GetTxBufferSpace
                  0x00292a                  _Uart1_ClearTxBuffer
                  0x002964                  _Uart2_ClearTxBuffer
                  0x00299e                  _Uart1_ClearRxBuffer
                  0x0029d8                  _Uart2_ClearRxBuffer
                  0x002a12                  _Uart1_Printf
                  0x002a58                  _Uart1_PrintfAsync
                  0x002a9e                  _Uart2_Printf
                  0x002ae4                  _Uart2_PrintfAsync
                  0x002b2a                  _Uart_Printf
                  0x002b84                  _Uart_PrintfAsync
                  0x002bde                  _Uart1_SetRxIsrCallback
                  0x002bea                  _Uart2_SetRxIsrCallback
                  0x002bf6                  _Uart1_SetRxCallback
                  0x002c02                  _Uart2_SetRxCallback
                  0x002c0e                  _Uart1_SetTxCallback
                  0x002c1a                  _Uart2_SetTxCallback
                  0x002c62                  _Uart1_SetRxLineCallback
                  0x002c74                  _Uart2_SetRxLineCallback
                  0x002c86                  _Uart1_SetBufferFullCallback
                  0x002c92                  _Uart2_SetBufferFullCallback
                  0x002df2                  _Uart1_ClearLineBuffer
                  0x002e32                  _Uart2_ClearLineBuffer
                  0x002e72                  _Uart1_Executor
                  0x002f5a                  _Uart2_Executor
 .text            0x00304c        0x4b6 ../../../library/BSP/dist/libs/ecc-pic24-bsp.a(BSP_PswKey.o)
                  0x003206                  _Psw_SetKeyDownCallback
                  0x003274                  _Psw_SetKeyHoldCallback
                  0x0032e2                  _Psw_SetKeyLockCallback
                  0x003350                  _Psw_SetKeyUpCallback
                  0x0033be                  _Psw_SetKeyChangedCallback
                  0x00342c                  _Psw_GetKeyState
                  0x003442                  _PSW_KeyTickedExecutor
 .text            0x003502        0x2c2 ../../../library/BSP/dist/libs/ecc-pic24-bsp.a(BSP_Beep.o)
                  0x003502                  _Beep_Init
                  0x00356a                  _Beep_SetFrequency
                  0x003696                  _Beep_SetPower
                  0x0036c8                  _Beep
                  0x0036f8                  _Beep_Play
                  0x00370e                  _Beep_Generate
                  0x00372e                  _Beep_SetCallback
                  0x00373a                  _BEEP_TickedExecutor
 .text            0x0037c4        0x2ac ../../../library/BSP/dist/libs/ecc-pic24-bsp.a(BSP_Led.o)
                  0x0037c4                  _Led_Set
                  0x0037f6                  _Led_Clr
                  0x003828                  _Led_Wrt
                  0x003884                  _Led_Inv
                  0x003958                  _Led_Get
                  0x0039bc                  _Led_Write
                  0x003a34                  _Led_Read
 .text            0x003a70        0x2a0 ../../../library/BSP/dist/libs/ecc-pic24-bsp.a(BSP_LedBlink.o)
                  0x003a70                  _Led_BlinkInit
                  0x003abe                  _Led_Flash
                  0x003b0e                  _Led_Blink
                  0x003b60                  _Led_Pwm
                  0x003bc8                  _Led_SetChangedCallback
                  0x003be0                  _Led_SetMode
                  0x003bf8                  _LED_BlinkTickedExecutor
 .text            0x003d10        0x28a ../../../library/BSP/dist/libs/ecc-pic24-bsp.a(BSP_Adc.o)
                  0x003d10                  _Adc_Init
                  0x003dda                  _Adc_Get
                  0x003e1c                  _Adc_GetVoltage
                  0x003e4c                  _Adc_GetPercentage
                  0x003e74                  _Adc_SetChangedCallback
                  0x003e8c                  _Adc_SetChangedThreshold
                  0x003ea4                  _Adc_SetChangedInterval
                  0x003ebc                  _ADC_TickedExecutor
 .text            0x003f9a        0x152 ../../../library/BSP/dist/libs/ecc-pic24-bsp.a(BSP_Queue.o)
                  0x003f9a                  _Queue_Init
                  0x003fe4                  _Queue_Put
                  0x004040                  _Queue_Get
                  0x0040a0                  _Queue_Space
                  0x0040b2                  _Queue_Reset
 .text            0x0040ec        0x142 ../../../library/BSP/dist/libs/ecc-pic24-bsp.a(BSP_SysTick.o)
                  0x0040ec                  _Sys_IsrPerformTick
                  0x004168                  _Sys_Start
                  0x004170                  _Sys_Stop
                  0x004178                  _Sys_SetTickCallback
                  0x004184                  _Sys_GetTicks
                  0x00418e                  _Sys_GetTimeMilli
                  0x0041b2                  _Sys_GetTimeMicro
                  0x0041da                  _Sys_GetClock
                  0x0041ea                  _Sys_SetClock
                  0x004210                  _Sys_TickInit

.dinit            0x00422e         0xe2
 .dinit           0x00422e         0xe2 data_init

.text             0x004310        0x130
 .text            0x004310         0x7a ../../../library/BSP/dist/libs/ecc-pic24-bsp.a(BSP_Psw.o)
                  0x004310                  _Psw_Get
                  0x00437a                  _Psw_Read
 .text            0x00438a         0x6c ../../../library/BSP/dist/libs/ecc-pic24-bsp.a(BSP_Mcu.o)
                  0x00438a                  _Mcu_IoInit
                  0x0043ac                  _Mcu_ClockInit
                  0x0043c8                  _Mcu_UnlockRemap
                  0x0043da                  _Mcu_LockRemap
                  0x0043ec                  _Mcu_Init
 .text            0x0043f6         0x2e ../../../library/BSP/dist/libs/ecc-pic24-bsp.a(BSP_Main.o)
                  0x0043f6                  _BSP_TickIsrExecutor
                  0x004402                  _BSP_Executor
 .text            0x004424         0x1c ./output/objects/main.o
                  0x004424                  _main
